Script started on Mon Mar 12 09:51:53 2018
]0;~
[32muser@DESKTOP-LSBUVV4 [33m~[0m
$ whoami;pwd
user
/home/user
]0;~
[32muser@DESKTOP-LSBUVV4 [33m~[0m
$ git config -I[Ki[KI
error: unknown switch `I'
usage: git config [<options>]

Config file location
    --global              use global config file
    --system              use system config file
    --local               use repository config file
    -f, --file <file>     use given config file
    --blob <blob-id>      read config from given blob object

Action
    --get                 get value: name [value-regex]
    --get-all             get all values: key [value-regex]
    --get-regexp          get values for regexp: name-regex [value-regex]
    --get-urlmatch        get value specific for the URL: section[.var] URL
    --replace-all         replace all matching variables: name value [value_regex]
    --add                 add a new variable: name value
    --unset               remove a variable: name [value-regex]
    --unset-all           remove all matches: name [value-regex]
    --rename-section      rename section: old-name new-name
    --remove-section      remove a section: name
    -l, --list            list all
    -e, --edit            open an editor
    --get-color           find the color configured: slot [default]
    --get-colorbool       find the color setting: slot [stdout-is-tty]

Type
    --bool                value is "true" or "false"
    --int                 value is decimal number
    --bool-or-int         value is --bool or --int
    --path                value is a path (file or directory name)
    --expiry-date         value is an expiry date

Other
    -z, --null            terminate values with NUL byte
    --name-only           show variable names only
    --includes            respect include directives on lookup
    --show-origin         show origin of config (file, standard input, blob, command line)

]0;~
[32muser@DESKTOP-LSBUVV4 [33m~[0m
$ git config -I[Kl
color.ui=auto
]0;~
[32muser@DESKTOP-LSBUVV4 [33m~[0m
$ git config -l[C[C[K git config -l
color.ui=auto
]0;~
[32muser@DESKTOP-LSBUVV4 [33m~[0m
$ [K$ [K$ git clone https://github.com/<your github account>/lab1.git[1P/lab1.git[1P/lab1.git[1P/lab1.git[1P/lab1.git[1P/lab1.git[1P/lab1.git[1P/lab1.git[1P/lab1.git[1P/lab1.git[1P/lab1.git[1P/lab1.git[1P/lab1.git[1P/lab1.git[1P/lab1.git[1P/lab1.git[1P/lab1.git[1P/lab1.git[1P/lab1.git[1P/lab1.git[1P/lab1.git[1P/lab1.gity/lab1.giti/lab1.gitc/lab1.gith/lab1.gitu/lab1.gitn/lab1.gitk/lab1.gita/lab1.gito/lab1.git
Cloning into 'lab1'...
Username for 'https://github.com': 
Password for 'https://yiykopggf56226@github.com': 
remote: Invalid username or password.
fatal: Authentication failed for 'https://github.com/yichunkao/lab1.git/'
]0;~
[32muser@DESKTOP-LSBUVV4 [33m~[0m
$ git clone https://github.com/yichunkao/lab1.git
Cloning into 'lab1'...
Username for 'https://github.com': 
Password for 'https://a0971004004@gmail.com@github.com': 
remote: Repository not found.
fatal: repository 'https://github.com/yichunkao/lab1.git/' not found
]0;~
[32muser@DESKTOP-LSBUVV4 [33m~[0m
$ git clone https://github.com/yichunkao/lab1.git[K[K[K[K[K[K[K[K[K[K[K[K[K[K[K[K[K[K[K[K[K[K[K[K[K[K[K[K[K[K[K[K[K[K[K[K[Khttps://github.com/yichunkao/312.git
Cloning into '312'...
warning: You appear to have cloned an empty repository.
]0;~
[32muser@DESKTOP-LSBUVV4 [33m~[0m
$ exit

Script done on Mon Mar 12 10:00:20 2018
